---
source: nicknamer/server/tests/auth_endpoints_tests.rs
expression: snapshot_data
---
status: 200
headers:
  content-type: application/json
body: ""
test_name: json_api_login_with_valid_credentials
