---
source: nicknamer/server/tests/auth_endpoints_tests.rs
expression: snapshot_data
---
status: 400
headers:
  content-type: application/json
body:
  error: INVALID_CREDENTIALS
  message: Invalid username or password
test_name: json_api_reject_invalid_credentials
