---
source: nicknamer/server/tests/names_endpoints_tests.rs
expression: snapshot_data
---
test_context: update_nonexistent_name_error
status: 500
headers:
  content-length: "458"
  content-type: text/html; charset=utf-8
  hx-reswap: innerHTML
html_body:
  - "<div class=\"alert alert-error\">"
  - "  <svg"
  - "    xmlns=\"http://www.w3.org/2000/svg\""
  - "    class=\"stroke-current shrink-0 h-6 w-6\""
  - "    fill=\"none\""
  - "    viewBox=\"0 0 24 24\""
  - "  >"
  - "    <path"
  - "      stroke-linecap=\"round\""
  - "      stroke-linejoin=\"round\""
  - "      stroke-width=\"2\""
  - "      d=\"M10 14l2-2m0 0l2-2m-2 2l-2-2m2 2l2 2m7-2a9 9 0 11-18 0 9 9 0 0118 0z\""
  - "    />"
  - "  </svg>"
  - "  <span>An unexpected error occurred while processing your request. Please try again later.</span>"
  - "</div>"
